{
    "fasta.gz - stub": {
        "content": [
            {
                "0": [
                    [
                        {
                            "id": "test"
                        },
                        "test_tantan.tsv:md5,d41d8cd98f00b204e9800998ecf8427e"
                    ]
                ],
                "1": [
                    "versions.yml:md5,ce1a51a6c238c0e82fb34f3e9f15a47f"
                ],
                "tantan": [
                    [
                        {
                            "id": "test"
                        },
                        "test_tantan.tsv:md5,d41d8cd98f00b204e9800998ecf8427e"
                    ]
                ],
                "versions": [
                    "versions.yml:md5,ce1a51a6c238c0e82fb34f3e9f15a47f"
                ]
            }
        ],
        "meta": {
            "nf-test": "0.8.4",
            "nextflow": "24.04.1"
        },
        "timestamp": "2024-07-24T13:29:42.326188902"
    },
    "fasta.gz": {
        "content": [
            {
                "0": [
                    [
                        {
                            "id": "test"
                        },
                        "test_tantan.tsv:md5,2c593b155de7b423450d215d19dba44f"
                    ]
                ],
                "1": [
                    "versions.yml:md5,ce1a51a6c238c0e82fb34f3e9f15a47f"
                ],
                "tantan": [
                    [
                        {
                            "id": "test"
                        },
                        "test_tantan.tsv:md5,2c593b155de7b423450d215d19dba44f"
                    ]
                ],
                "versions": [
                    "versions.yml:md5,ce1a51a6c238c0e82fb34f3e9f15a47f"
                ]
            }
        ],
        "meta": {
            "nf-test": "0.8.4",
            "nextflow": "24.04.1"
        },
        "timestamp": "2024-07-24T13:29:23.182999965"
    }
}