{
    "fastq.gz single + fasta.gz": {
        "content": [
            [
                [
                    {
                        "id": "test1",
                        "single_end": true
                    },
                    "test1_alignment_results.tsv:md5,a23785959ca535474b095a8511293dc3"
                ]
            ],
            "test1.bam",
            "test1.log",
            [
                "versions.yml:md5,2bede4e7376363a3d53626ecbcac2b8c"
            ]
        ],
        "meta": {
            "nf-test": "0.8.4",
            "nextflow": "24.04.1"
        },
        "timestamp": "2024-07-24T10:11:47.823239765"
    },
    "fastq.gz + fasta.gz - stub": {
        "content": [
            {
                "0": [
                    [
                        {
                            "id": "test1"
                        },
                        "test1_alignment_results.tsv:md5,d41d8cd98f00b204e9800998ecf8427e"
                    ]
                ],
                "1": [
                    [
                        {
                            "id": "test1"
                        },
                        "test1.bam:md5,d41d8cd98f00b204e9800998ecf8427e"
                    ]
                ],
                "2": [
                    [
                        {
                            "id": "test1"
                        },
                        "test1.log:md5,d41d8cd98f00b204e9800998ecf8427e"
                    ]
                ],
                "3": [
                    "versions.yml:md5,2bede4e7376363a3d53626ecbcac2b8c"
                ],
                "alignment_results": [
                    [
                        {
                            "id": "test1"
                        },
                        "test1_alignment_results.tsv:md5,d41d8cd98f00b204e9800998ecf8427e"
                    ]
                ],
                "bam": [
                    [
                        {
                            "id": "test1"
                        },
                        "test1.bam:md5,d41d8cd98f00b204e9800998ecf8427e"
                    ]
                ],
                "log": [
                    [
                        {
                            "id": "test1"
                        },
                        "test1.log:md5,d41d8cd98f00b204e9800998ecf8427e"
                    ]
                ],
                "versions": [
                    "versions.yml:md5,2bede4e7376363a3d53626ecbcac2b8c"
                ]
            }
        ],
        "meta": {
            "nf-test": "0.8.4",
            "nextflow": "24.04.1"
        },
        "timestamp": "2024-07-24T10:12:32.050774863"
    },
    "fastq.gz paired + fasta.gz": {
        "content": [
            [
                [
                    {
                        "id": "test1",
                        "single_end": false
                    },
                    "test1_alignment_results.tsv:md5,7a91af5bae97e185cb910024a0bad0ac"
                ]
            ],
            "test1.bam",
            "test1.log",
            [
                "versions.yml:md5,2bede4e7376363a3d53626ecbcac2b8c"
            ]
        ],
        "meta": {
            "nf-test": "0.8.4",
            "nextflow": "24.04.1"
        },
        "timestamp": "2024-07-24T10:12:10.764688564"
    }
}