{
    "fastq.gz paired": {
        "content": [
            {
                "0": [
                    
                ],
                "1": [
                    
                ],
                "2": [
                    
                ],
                "3": [
                    
                ],
                "4": [
                    
                ],
                "5": [
                    
                ],
                "6": [
                    
                ],
                "contigs": [
                    
                ],
                "gene_clusters": [
                    
                ],
                "gfa": [
                    
                ],
                "log": [
                    
                ],
                "scaffolds": [
                    
                ],
                "transcripts": [
                    
                ],
                "versions": [
                    
                ]
            }
        ],
        "meta": {
            "nf-test": "0.8.4",
            "nextflow": "24.04.1"
        },
        "timestamp": "2024-07-23T12:23:03.958235483"
    },
    "fastq.gz - stub": {
        "content": [
            {
                "0": [
                    
                ],
                "1": [
                    
                ],
                "2": [
                    
                ],
                "3": [
                    
                ],
                "4": [
                    
                ],
                "5": [
                    
                ],
                "6": [
                    
                ],
                "contigs": [
                    
                ],
                "gene_clusters": [
                    
                ],
                "gfa": [
                    
                ],
                "log": [
                    
                ],
                "scaffolds": [
                    
                ],
                "transcripts": [
                    
                ],
                "versions": [
                    
                ]
            }
        ],
        "meta": {
            "nf-test": "0.8.4",
            "nextflow": "24.04.1"
        },
        "timestamp": "2024-07-23T12:37:52.485295905"
    }
}