{
    "fastq.gz paired + fasta.gz + no index": {
        "content": [
            {
                "0": [
                    [
                        {
                            "id": "test1",
                            "single_end": false
                        },
                        [
                            "test1_bowtie2.unmapped_1.fastq.gz:md5,6924a0e4bf760ad3ad6a4a5ab0020ce1",
                            "test1_bowtie2.unmapped_2.fastq.gz:md5,bc64507de9b0fafce1757cae39ff3e7a"
                        ]
                    ],
                    [
                        {
                            "id": "test2",
                            "single_end": false
                        },
                        [
                            "test2_bowtie2.unmapped_1.fastq.gz:md5,40d41a369939ab5eaefd14813594eceb",
                            "test2_bowtie2.unmapped_2.fastq.gz:md5,0323f20f5ce1d80c7f9cfaeb19b462ea"
                        ]
                    ]
                ],
                "1": [
                    "versions.yml:md5,7527172e0c4466b67ac3676f720ad480",
                    "versions.yml:md5,a2f4bc7f555b5b1c334c97961644d42b"
                ],
                "2": [
                    [
                        {
                            "id": "test1",
                            "single_end": false
                        },
                        "test1_bowtie2.bowtie2.log:md5,a947ef5d3656c605d3266370a2690275"
                    ],
                    [
                        {
                            "id": "test2",
                            "single_end": false
                        },
                        "test2_bowtie2.bowtie2.log:md5,69e4dad267a8ffd19ad21c294bc9433b"
                    ]
                ],
                "fastq_gz": [
                    [
                        {
                            "id": "test1",
                            "single_end": false
                        },
                        [
                            "test1_bowtie2.unmapped_1.fastq.gz:md5,6924a0e4bf760ad3ad6a4a5ab0020ce1",
                            "test1_bowtie2.unmapped_2.fastq.gz:md5,bc64507de9b0fafce1757cae39ff3e7a"
                        ]
                    ],
                    [
                        {
                            "id": "test2",
                            "single_end": false
                        },
                        [
                            "test2_bowtie2.unmapped_1.fastq.gz:md5,40d41a369939ab5eaefd14813594eceb",
                            "test2_bowtie2.unmapped_2.fastq.gz:md5,0323f20f5ce1d80c7f9cfaeb19b462ea"
                        ]
                    ]
                ],
                "mqc": [
                    [
                        {
                            "id": "test1",
                            "single_end": false
                        },
                        "test1_bowtie2.bowtie2.log:md5,a947ef5d3656c605d3266370a2690275"
                    ],
                    [
                        {
                            "id": "test2",
                            "single_end": false
                        },
                        "test2_bowtie2.bowtie2.log:md5,69e4dad267a8ffd19ad21c294bc9433b"
                    ]
                ],
                "versions": [
                    "versions.yml:md5,7527172e0c4466b67ac3676f720ad480",
                    "versions.yml:md5,a2f4bc7f555b5b1c334c97961644d42b"
                ]
            }
        ],
        "meta": {
            "nf-test": "0.9.0",
            "nextflow": "24.04.4"
        },
        "timestamp": "2024-08-20T10:45:20.478514699"
    },
    "fastq.gz paired + fasta.gz + bt2": {
        "content": [
            {
                "0": [
                    [
                        {
                            "id": "test1",
                            "single_end": false
                        },
                        [
                            "test1_bowtie2.unmapped_1.fastq.gz:md5,6924a0e4bf760ad3ad6a4a5ab0020ce1",
                            "test1_bowtie2.unmapped_2.fastq.gz:md5,bc64507de9b0fafce1757cae39ff3e7a"
                        ]
                    ],
                    [
                        {
                            "id": "test2",
                            "single_end": false
                        },
                        [
                            "test2_bowtie2.unmapped_1.fastq.gz:md5,40d41a369939ab5eaefd14813594eceb",
                            "test2_bowtie2.unmapped_2.fastq.gz:md5,0323f20f5ce1d80c7f9cfaeb19b462ea"
                        ]
                    ]
                ],
                "1": [
                    "versions.yml:md5,a2f4bc7f555b5b1c334c97961644d42b"
                ],
                "2": [
                    [
                        {
                            "id": "test1",
                            "single_end": false
                        },
                        "test1_bowtie2.bowtie2.log:md5,a947ef5d3656c605d3266370a2690275"
                    ],
                    [
                        {
                            "id": "test2",
                            "single_end": false
                        },
                        "test2_bowtie2.bowtie2.log:md5,69e4dad267a8ffd19ad21c294bc9433b"
                    ]
                ],
                "fastq_gz": [
                    [
                        {
                            "id": "test1",
                            "single_end": false
                        },
                        [
                            "test1_bowtie2.unmapped_1.fastq.gz:md5,6924a0e4bf760ad3ad6a4a5ab0020ce1",
                            "test1_bowtie2.unmapped_2.fastq.gz:md5,bc64507de9b0fafce1757cae39ff3e7a"
                        ]
                    ],
                    [
                        {
                            "id": "test2",
                            "single_end": false
                        },
                        [
                            "test2_bowtie2.unmapped_1.fastq.gz:md5,40d41a369939ab5eaefd14813594eceb",
                            "test2_bowtie2.unmapped_2.fastq.gz:md5,0323f20f5ce1d80c7f9cfaeb19b462ea"
                        ]
                    ]
                ],
                "mqc": [
                    [
                        {
                            "id": "test1",
                            "single_end": false
                        },
                        "test1_bowtie2.bowtie2.log:md5,a947ef5d3656c605d3266370a2690275"
                    ],
                    [
                        {
                            "id": "test2",
                            "single_end": false
                        },
                        "test2_bowtie2.bowtie2.log:md5,69e4dad267a8ffd19ad21c294bc9433b"
                    ]
                ],
                "versions": [
                    "versions.yml:md5,a2f4bc7f555b5b1c334c97961644d42b"
                ]
            }
        ],
        "meta": {
            "nf-test": "0.9.0",
            "nextflow": "24.04.4"
        },
        "timestamp": "2024-08-20T10:51:46.525642255"
    }
}