{
    "logan_accessions.txt": {
        "content": [
            {
                "0": [
                    [
                        {
                            "id": "logan_acc_logan_group1"
                        },
                        "logan_acc_logan_group1.fa.zst:md5,1ef077d5affed09fad49c6fa1cb1870b"
                    ],
                    [
                        {
                            "id": "logan_acc_logan_group2"
                        },
                        "logan_acc_logan_group2.fa.zst:md5,f76efa24154513098f3c71bcb8d3f51e"
                    ]
                ],
                "1": [
                    "versions.yml:md5,51cf3a68e8516af227452d4c023ece2d",
                    "versions.yml:md5,51cf3a68e8516af227452d4c023ece2d"
                ],
                "fasta": [
                    [
                        {
                            "id": "logan_acc_logan_group1"
                        },
                        "logan_acc_logan_group1.fa.zst:md5,1ef077d5affed09fad49c6fa1cb1870b"
                    ],
                    [
                        {
                            "id": "logan_acc_logan_group2"
                        },
                        "logan_acc_logan_group2.fa.zst:md5,f76efa24154513098f3c71bcb8d3f51e"
                    ]
                ],
                "versions": [
                    "versions.yml:md5,51cf3a68e8516af227452d4c023ece2d",
                    "versions.yml:md5,51cf3a68e8516af227452d4c023ece2d"
                ]
            }
        ],
        "meta": {
            "nf-test": "0.8.4",
            "nextflow": "24.04.1"
        },
        "timestamp": "2024-06-12T14:15:48.382013125"
    },
    "logan_accessions.txt - stub": {
        "content": [
            {
                "0": [
                    [
                        {
                            "id": "logan_acc_logan_group1"
                        },
                        "logan_acc_logan_group1.fa.zst:md5,d41d8cd98f00b204e9800998ecf8427e"
                    ],
                    [
                        {
                            "id": "logan_acc_logan_group2"
                        },
                        "logan_acc_logan_group2.fa.zst:md5,d41d8cd98f00b204e9800998ecf8427e"
                    ]
                ],
                "1": [
                    "versions.yml:md5,51cf3a68e8516af227452d4c023ece2d",
                    "versions.yml:md5,51cf3a68e8516af227452d4c023ece2d"
                ],
                "fasta": [
                    [
                        {
                            "id": "logan_acc_logan_group1"
                        },
                        "logan_acc_logan_group1.fa.zst:md5,d41d8cd98f00b204e9800998ecf8427e"
                    ],
                    [
                        {
                            "id": "logan_acc_logan_group2"
                        },
                        "logan_acc_logan_group2.fa.zst:md5,d41d8cd98f00b204e9800998ecf8427e"
                    ]
                ],
                "versions": [
                    "versions.yml:md5,51cf3a68e8516af227452d4c023ece2d",
                    "versions.yml:md5,51cf3a68e8516af227452d4c023ece2d"
                ]
            }
        ],
        "meta": {
            "nf-test": "0.8.4",
            "nextflow": "24.04.1"
        },
        "timestamp": "2024-06-12T14:16:01.412050421"
    }
}