{
    "fasta.gz - stub": {
        "content": [
            {
                "0": [
                    [
                        {
                            "id": "test1"
                        },
                        "test1_quality_summary.tsv:md5,d41d8cd98f00b204e9800998ecf8427e"
                    ]
                ],
                "1": [
                    [
                        {
                            "id": "test1"
                        },
                        "test1_contamination.tsv:md5,d41d8cd98f00b204e9800998ecf8427e"
                    ]
                ],
                "2": [
                    [
                        {
                            "id": "test1"
                        },
                        "test1_completeness.tsv:md5,d41d8cd98f00b204e9800998ecf8427e"
                    ]
                ],
                "3": [
                    [
                        {
                            "id": "test1"
                        },
                        "test1_viruses.fna.gz:md5,68b329da9893e34099c7d8ad5cb9c940"
                    ]
                ],
                "4": [
                    [
                        {
                            "id": "test1"
                        },
                        "test1_proteins.faa.gz:md5,68b329da9893e34099c7d8ad5cb9c940"
                    ]
                ],
                "5": [
                    "versions.yml:md5,e2b3c1c7aa54062a80b97e3c70bbb28a"
                ],
                "completeness": [
                    [
                        {
                            "id": "test1"
                        },
                        "test1_completeness.tsv:md5,d41d8cd98f00b204e9800998ecf8427e"
                    ]
                ],
                "contamination": [
                    [
                        {
                            "id": "test1"
                        },
                        "test1_contamination.tsv:md5,d41d8cd98f00b204e9800998ecf8427e"
                    ]
                ],
                "proteins": [
                    [
                        {
                            "id": "test1"
                        },
                        "test1_proteins.faa.gz:md5,68b329da9893e34099c7d8ad5cb9c940"
                    ]
                ],
                "quality_summary": [
                    [
                        {
                            "id": "test1"
                        },
                        "test1_quality_summary.tsv:md5,d41d8cd98f00b204e9800998ecf8427e"
                    ]
                ],
                "versions": [
                    "versions.yml:md5,e2b3c1c7aa54062a80b97e3c70bbb28a"
                ],
                "viruses": [
                    [
                        {
                            "id": "test1"
                        },
                        "test1_viruses.fna.gz:md5,68b329da9893e34099c7d8ad5cb9c940"
                    ]
                ]
            }
        ],
        "meta": {
            "nf-test": "0.9.0",
            "nextflow": "24.04.1"
        },
        "timestamp": "2024-07-24T14:00:07.284547244"
    },
    "fasta.gz": {
        "content": [
            [
                [
                    {
                        "id": "test1"
                    },
                    "test1_quality_summary.tsv:md5,01e7069e0c3b3d36b4d8eb02845b3086"
                ]
            ],
            [
                [
                    {
                        "id": "test1"
                    },
                    "test1_contamination.tsv:md5,aff5543ad5c34d1adae45336c07d7364"
                ]
            ],
            "test1_completeness.tsv",
            [
                [
                    {
                        "id": "test1"
                    },
                    "test1_viruses.fna.gz:md5,c9cebc9db75d3fd8cd58e5829cecd8b4"
                ]
            ],
            [
                [
                    {
                        "id": "test1"
                    },
                    "test1_proteins.faa.gz:md5,e0c10ef5758f5472b28a2b71071c3ce2"
                ]
            ],
            [
                "versions.yml:md5,e14433c20aa8085bf627b8ae97dde94e"
            ]
        ],
        "meta": {
            "nf-test": "0.8.4",
            "nextflow": "24.04.1"
        },
        "timestamp": "2024-07-24T13:31:36.034984427"
    }
}