{
    "SRX9626017_SRR13191702 + paired": {
        "content": [
            {
                "0": [
                    [
                        {
                            "id": "SRX9626017_SRR13191702",
                            "single_end": false,
                            "md5_1": "89c5be920021a035084d8aeb74f32df7",
                            "md5_2": "56271be38a80db78ef3bdfc5d9909b98"
                        },
                        [
                            "SRX9626017_SRR13191702_1.fastq.gz:md5,baaaea61cba4294ec696fdfea1610848",
                            "SRX9626017_SRR13191702_2.fastq.gz:md5,8e43ad99049fabb6526a4b846da01c32"
                        ]
                    ]
                ],
                "1": [
                    [
                        {
                            "id": "SRX9626017_SRR13191702",
                            "single_end": false,
                            "md5_1": "89c5be920021a035084d8aeb74f32df7",
                            "md5_2": "56271be38a80db78ef3bdfc5d9909b98"
                        },
                        [
                            "SRX9626017_SRR13191702_1.fastq.gz.md5:md5,055a6916ec9ee478e453d50651f87997",
                            "SRX9626017_SRR13191702_2.fastq.gz.md5:md5,c30ac785f8d80ec563fabf604d8bf945"
                        ]
                    ]
                ],
                "2": [
                    "versions.yml:md5,13b4dd5b0934224d5c086908af959191"
                ],
                "fastq": [
                    [
                        {
                            "id": "SRX9626017_SRR13191702",
                            "single_end": false,
                            "md5_1": "89c5be920021a035084d8aeb74f32df7",
                            "md5_2": "56271be38a80db78ef3bdfc5d9909b98"
                        },
                        [
                            "SRX9626017_SRR13191702_1.fastq.gz:md5,baaaea61cba4294ec696fdfea1610848",
                            "SRX9626017_SRR13191702_2.fastq.gz:md5,8e43ad99049fabb6526a4b846da01c32"
                        ]
                    ]
                ],
                "md5": [
                    [
                        {
                            "id": "SRX9626017_SRR13191702",
                            "single_end": false,
                            "md5_1": "89c5be920021a035084d8aeb74f32df7",
                            "md5_2": "56271be38a80db78ef3bdfc5d9909b98"
                        },
                        [
                            "SRX9626017_SRR13191702_1.fastq.gz.md5:md5,055a6916ec9ee478e453d50651f87997",
                            "SRX9626017_SRR13191702_2.fastq.gz.md5:md5,c30ac785f8d80ec563fabf604d8bf945"
                        ]
                    ]
                ],
                "versions": [
                    "versions.yml:md5,13b4dd5b0934224d5c086908af959191"
                ]
            }
        ],
        "meta": {
            "nf-test": "0.8.4",
            "nextflow": "24.04.1"
        },
        "timestamp": "2024-07-22T15:06:09.777137609"
    },
    "SRX9626017_SRR13191702 + single - stub": {
        "content": [
            {
                "0": [
                    [
                        {
                            "id": "SRX9626017_SRR13191702",
                            "single_end": true,
                            "md5_1": "89c5be920021a035084d8aeb74f32df7",
                            "md5_2": "56271be38a80db78ef3bdfc5d9909b98"
                        },
                        "SRX9626017_SRR13191702.fastq.gz:md5,68b329da9893e34099c7d8ad5cb9c940"
                    ]
                ],
                "1": [
                    [
                        {
                            "id": "SRX9626017_SRR13191702",
                            "single_end": true,
                            "md5_1": "89c5be920021a035084d8aeb74f32df7",
                            "md5_2": "56271be38a80db78ef3bdfc5d9909b98"
                        },
                        "SRX9626017_SRR13191702.fastq.gz.md5:md5,d41d8cd98f00b204e9800998ecf8427e"
                    ]
                ],
                "2": [
                    "versions.yml:md5,13b4dd5b0934224d5c086908af959191"
                ],
                "fastq": [
                    [
                        {
                            "id": "SRX9626017_SRR13191702",
                            "single_end": true,
                            "md5_1": "89c5be920021a035084d8aeb74f32df7",
                            "md5_2": "56271be38a80db78ef3bdfc5d9909b98"
                        },
                        "SRX9626017_SRR13191702.fastq.gz:md5,68b329da9893e34099c7d8ad5cb9c940"
                    ]
                ],
                "md5": [
                    [
                        {
                            "id": "SRX9626017_SRR13191702",
                            "single_end": true,
                            "md5_1": "89c5be920021a035084d8aeb74f32df7",
                            "md5_2": "56271be38a80db78ef3bdfc5d9909b98"
                        },
                        "SRX9626017_SRR13191702.fastq.gz.md5:md5,d41d8cd98f00b204e9800998ecf8427e"
                    ]
                ],
                "versions": [
                    "versions.yml:md5,13b4dd5b0934224d5c086908af959191"
                ]
            }
        ],
        "meta": {
            "nf-test": "0.8.4",
            "nextflow": "24.04.1"
        },
        "timestamp": "2024-07-22T15:06:33.444512657"
    },
    "SRX9626017_SRR13191702 + single": {
        "content": [
            {
                "0": [
                    [
                        {
                            "id": "SRX9626017_SRR13191702",
                            "single_end": true,
                            "md5_1": "89c5be920021a035084d8aeb74f32df7",
                            "md5_2": "56271be38a80db78ef3bdfc5d9909b98"
                        },
                        "SRX9626017_SRR13191702.fastq.gz:md5,baaaea61cba4294ec696fdfea1610848"
                    ]
                ],
                "1": [
                    [
                        {
                            "id": "SRX9626017_SRR13191702",
                            "single_end": true,
                            "md5_1": "89c5be920021a035084d8aeb74f32df7",
                            "md5_2": "56271be38a80db78ef3bdfc5d9909b98"
                        },
                        "SRX9626017_SRR13191702.fastq.gz.md5:md5,042ac48e5358e273764cba8f15259f59"
                    ]
                ],
                "2": [
                    "versions.yml:md5,13b4dd5b0934224d5c086908af959191"
                ],
                "fastq": [
                    [
                        {
                            "id": "SRX9626017_SRR13191702",
                            "single_end": true,
                            "md5_1": "89c5be920021a035084d8aeb74f32df7",
                            "md5_2": "56271be38a80db78ef3bdfc5d9909b98"
                        },
                        "SRX9626017_SRR13191702.fastq.gz:md5,baaaea61cba4294ec696fdfea1610848"
                    ]
                ],
                "md5": [
                    [
                        {
                            "id": "SRX9626017_SRR13191702",
                            "single_end": true,
                            "md5_1": "89c5be920021a035084d8aeb74f32df7",
                            "md5_2": "56271be38a80db78ef3bdfc5d9909b98"
                        },
                        "SRX9626017_SRR13191702.fastq.gz.md5:md5,042ac48e5358e273764cba8f15259f59"
                    ]
                ],
                "versions": [
                    "versions.yml:md5,13b4dd5b0934224d5c086908af959191"
                ]
            }
        ],
        "meta": {
            "nf-test": "0.8.4",
            "nextflow": "24.04.1"
        },
        "timestamp": "2024-07-22T15:06:20.501634094"
    },
    "SRX9626017_SRR13191702 + paired - stub": {
        "content": [
            {
                "0": [
                    [
                        {
                            "id": "SRX9626017_SRR13191702",
                            "single_end": false,
                            "md5_1": "89c5be920021a035084d8aeb74f32df7",
                            "md5_2": "56271be38a80db78ef3bdfc5d9909b98"
                        },
                        [
                            "SRX9626017_SRR13191702_1.fastq.gz:md5,68b329da9893e34099c7d8ad5cb9c940",
                            "SRX9626017_SRR13191702_2.fastq.gz:md5,68b329da9893e34099c7d8ad5cb9c940"
                        ]
                    ]
                ],
                "1": [
                    [
                        {
                            "id": "SRX9626017_SRR13191702",
                            "single_end": false,
                            "md5_1": "89c5be920021a035084d8aeb74f32df7",
                            "md5_2": "56271be38a80db78ef3bdfc5d9909b98"
                        },
                        "SRX9626017_SRR13191702.fastq.gz.md5:md5,d41d8cd98f00b204e9800998ecf8427e"
                    ]
                ],
                "2": [
                    "versions.yml:md5,13b4dd5b0934224d5c086908af959191"
                ],
                "fastq": [
                    [
                        {
                            "id": "SRX9626017_SRR13191702",
                            "single_end": false,
                            "md5_1": "89c5be920021a035084d8aeb74f32df7",
                            "md5_2": "56271be38a80db78ef3bdfc5d9909b98"
                        },
                        [
                            "SRX9626017_SRR13191702_1.fastq.gz:md5,68b329da9893e34099c7d8ad5cb9c940",
                            "SRX9626017_SRR13191702_2.fastq.gz:md5,68b329da9893e34099c7d8ad5cb9c940"
                        ]
                    ]
                ],
                "md5": [
                    [
                        {
                            "id": "SRX9626017_SRR13191702",
                            "single_end": false,
                            "md5_1": "89c5be920021a035084d8aeb74f32df7",
                            "md5_2": "56271be38a80db78ef3bdfc5d9909b98"
                        },
                        "SRX9626017_SRR13191702.fastq.gz.md5:md5,d41d8cd98f00b204e9800998ecf8427e"
                    ]
                ],
                "versions": [
                    "versions.yml:md5,13b4dd5b0934224d5c086908af959191"
                ]
            }
        ],
        "meta": {
            "nf-test": "0.8.4",
            "nextflow": "24.04.1"
        },
        "timestamp": "2024-07-22T15:06:27.019697783"
    }
}