{
    "fasta.gz + faa.gz": {
        "content": [
            {
                "0": [
                    [
                        {
                            "id": "test"
                        },
                        "test_nuc_stats.tsv:md5,3c213a7ff9a188d4d12b66f93ac627cf"
                    ]
                ],
                "1": [
                    "versions.yml:md5,7872a31dc4800bdaa18bc3a0d7ec7bad"
                ],
                "nuc_stats": [
                    [
                        {
                            "id": "test"
                        },
                        "test_nuc_stats.tsv:md5,3c213a7ff9a188d4d12b66f93ac627cf"
                    ]
                ],
                "versions": [
                    "versions.yml:md5,7872a31dc4800bdaa18bc3a0d7ec7bad"
                ]
            }
        ],
        "meta": {
            "nf-test": "0.8.4",
            "nextflow": "24.04.1"
        },
        "timestamp": "2024-07-24T13:48:12.705246724"
    },
    "fasta.gz + faa.gz - stub": {
        "content": [
            {
                "0": [
                    [
                        {
                            "id": "test"
                        },
                        "test_nuc_stats.tsv:md5,d41d8cd98f00b204e9800998ecf8427e"
                    ]
                ],
                "1": [
                    "versions.yml:md5,7872a31dc4800bdaa18bc3a0d7ec7bad"
                ],
                "nuc_stats": [
                    [
                        {
                            "id": "test"
                        },
                        "test_nuc_stats.tsv:md5,d41d8cd98f00b204e9800998ecf8427e"
                    ]
                ],
                "versions": [
                    "versions.yml:md5,7872a31dc4800bdaa18bc3a0d7ec7bad"
                ]
            }
        ],
        "meta": {
            "nf-test": "0.8.4",
            "nextflow": "24.04.1"
        },
        "timestamp": "2024-07-24T13:48:35.493471274"
    }
}